# compiler: R8
# compiler_version: 8.1.56
# common_typos_disable
# {"id":"com.android.tools.r8.mapping","version":"2.2"}
# pg_map_id: abf0107
# pg_map_hash: SHA-256 abf0107782979ed3a97d0a599a219a33e96370d311562ec1953b0517a0f1d7fa
com.crobox.sdk.BuildConfig -> com.crobox.sdk.BuildConfig:
# {"id":"sourceFile","fileName":"BuildConfig.java"}
    1:1:void <init>():6:6 -> <init>
com.crobox.sdk.common.CroboxDebug -> com.crobox.sdk.common.CroboxDebug:
# {"id":"sourceFile","fileName":"CroboxDebug.kt"}
    boolean isDebug -> a
    1:1:void <init>():5:5 -> <init>
    1:1:boolean isDebug():7:7 -> isDebug
    1:2:void printParams(java.util.Map):25:26 -> printParams
    1:2:void printText(java.lang.String):19:20 -> printText
    1:1:void setDebug(boolean):7:7 -> setDebug
com.crobox.sdk.common.CroboxDebug$Companion -> com.crobox.sdk.common.CroboxDebug$Companion:
# {"id":"sourceFile","fileName":"CroboxDebug.kt"}
    1:1:void <init>(kotlin.jvm.internal.DefaultConstructorMarker):0:0 -> <init>
    2:2:void <init>():13:13 -> <init>
    1:1:com.crobox.sdk.common.CroboxDebug getInstance():15:15 -> getInstance
    2:2:com.crobox.sdk.common.CroboxDebug com.crobox.sdk.common.CroboxDebug$InstanceHolder.getInstance():10:10 -> getInstance
    2:2:com.crobox.sdk.common.CroboxDebug getInstance():15 -> getInstance
com.crobox.sdk.common.CroboxDebug$InstanceHolder -> a.a:
# {"id":"sourceFile","fileName":"CroboxDebug.kt"}
    com.crobox.sdk.common.CroboxDebug instance -> a
    1:1:void <clinit>():10:10 -> <clinit>
com.crobox.sdk.common.LocaleCode -> com.crobox.sdk.common.LocaleCode:
# {"id":"sourceFile","fileName":"LocaleCode.kt"}
    java.lang.String code -> a
    com.crobox.sdk.common.LocaleCode[] $VALUES -> b
    1:104:void <clinit>():4:107 -> <clinit>
    105:105:com.crobox.sdk.common.LocaleCode[] $values():0:0 -> <clinit>
    105:105:void <clinit>():107 -> <clinit>
    106:106:void <clinit>():107:107 -> <clinit>
    1:1:void <init>(java.lang.String,int,java.lang.String):3:3 -> <init>
    1:1:java.lang.String getCode():3:3 -> getCode
    1:1:java.lang.String toString():110:110 -> toString
com.crobox.sdk.core.Crobox -> com.crobox.sdk.core.Crobox:
# {"id":"sourceFile","fileName":"Crobox.kt"}
    com.crobox.sdk.presenter.CroboxAPIPresenter presenter -> a
    com.crobox.sdk.core.Crobox instance -> b
    1:1:void <init>(java.lang.String,kotlin.jvm.internal.DefaultConstructorMarker):0:0 -> <init>
    2:4:void <init>(java.lang.String):9:11 -> <init>
    1:1:com.crobox.sdk.core.Crobox access$getInstance$cp():9:9 -> access$getInstance$cp
    1:1:void access$setInstance$cp(com.crobox.sdk.core.Crobox):9:9 -> access$setInstance$cp
    1:1:void enableDebug():25:25 -> enableDebug
    1:3:void pageViewAddCart(com.crobox.sdk.data.model.RequestQueryParams,com.crobox.sdk.data.model.AddCartQueryParams,com.crobox.sdk.presenter.SocketView):59:61 -> pageViewAddCart
    4:4:void pageViewAddCart(com.crobox.sdk.data.model.RequestQueryParams,com.crobox.sdk.data.model.AddCartQueryParams,com.crobox.sdk.presenter.SocketView):59:59 -> pageViewAddCart
    1:1:void pageViewAddCart$default(com.crobox.sdk.core.Crobox,com.crobox.sdk.data.model.RequestQueryParams,com.crobox.sdk.data.model.AddCartQueryParams,com.crobox.sdk.presenter.SocketView,int,java.lang.Object):54:54 -> pageViewAddCart$default
    1:3:void pageViewClick(com.crobox.sdk.data.model.RequestQueryParams,com.crobox.sdk.data.model.ClickQueryParams,com.crobox.sdk.presenter.SocketView):46:48 -> pageViewClick
    4:4:void pageViewClick(com.crobox.sdk.data.model.RequestQueryParams,com.crobox.sdk.data.model.ClickQueryParams,com.crobox.sdk.presenter.SocketView):46:46 -> pageViewClick
    1:1:void pageViewClick$default(com.crobox.sdk.core.Crobox,com.crobox.sdk.data.model.RequestQueryParams,com.crobox.sdk.data.model.ClickQueryParams,com.crobox.sdk.presenter.SocketView,int,java.lang.Object):41:41 -> pageViewClick$default
    1:3:void pageViewError(com.crobox.sdk.data.model.RequestQueryParams,com.crobox.sdk.data.model.ErrorQueryParams,com.crobox.sdk.presenter.SocketView):85:87 -> pageViewError
    4:4:void pageViewError(com.crobox.sdk.data.model.RequestQueryParams,com.crobox.sdk.data.model.ErrorQueryParams,com.crobox.sdk.presenter.SocketView):85:85 -> pageViewError
    1:1:void pageViewError$default(com.crobox.sdk.core.Crobox,com.crobox.sdk.data.model.RequestQueryParams,com.crobox.sdk.data.model.ErrorQueryParams,com.crobox.sdk.presenter.SocketView,int,java.lang.Object):80:80 -> pageViewError$default
    1:3:void pageViewEvent(com.crobox.sdk.data.model.RequestQueryParams,com.crobox.sdk.data.model.CustomQueryParams,com.crobox.sdk.presenter.SocketView):98:100 -> pageViewEvent
    4:4:void pageViewEvent(com.crobox.sdk.data.model.RequestQueryParams,com.crobox.sdk.data.model.CustomQueryParams,com.crobox.sdk.presenter.SocketView):98:98 -> pageViewEvent
    1:1:void pageViewEvent$default(com.crobox.sdk.core.Crobox,com.crobox.sdk.data.model.RequestQueryParams,com.crobox.sdk.data.model.CustomQueryParams,com.crobox.sdk.presenter.SocketView,int,java.lang.Object):93:93 -> pageViewEvent$default
    1:3:void pageViewRemoveCart(com.crobox.sdk.data.model.RequestQueryParams,com.crobox.sdk.data.model.RemoveFromCartQueryParams,com.crobox.sdk.presenter.SocketView):72:74 -> pageViewRemoveCart
    4:4:void pageViewRemoveCart(com.crobox.sdk.data.model.RequestQueryParams,com.crobox.sdk.data.model.RemoveFromCartQueryParams,com.crobox.sdk.presenter.SocketView):72:72 -> pageViewRemoveCart
    1:1:void pageViewRemoveCart$default(com.crobox.sdk.core.Crobox,com.crobox.sdk.data.model.RequestQueryParams,com.crobox.sdk.data.model.RemoveFromCartQueryParams,com.crobox.sdk.presenter.SocketView,int,java.lang.Object):67:67 -> pageViewRemoveCart$default
    1:1:void promotions(com.crobox.sdk.presenter.PromotionView,java.lang.String,com.crobox.sdk.data.model.RequestQueryParams):33:33 -> promotions
com.crobox.sdk.core.Crobox$Companion -> com.crobox.sdk.core.Crobox$Companion:
# {"id":"sourceFile","fileName":"Crobox.kt"}
    1:1:void <init>(kotlin.jvm.internal.DefaultConstructorMarker):0:0 -> <init>
    2:2:void <init>():13:13 -> <init>
    1:2:com.crobox.sdk.core.Crobox getInstance(java.lang.String):19:20 -> getInstance
    3:3:com.crobox.sdk.core.Crobox getInstance(java.lang.String):19:19 -> getInstance
com.crobox.sdk.data.api.CroboxAPI -> com.crobox.sdk.data.api.CroboxAPI:
# {"id":"sourceFile","fileName":"CroboxAPI.kt"}
com.crobox.sdk.data.api.CroboxAPIClient -> com.crobox.sdk.data.api.CroboxAPIClient:
# {"id":"sourceFile","fileName":"CroboxAPIClient.kt"}
    1:1:void <init>():14:14 -> <init>
    1:3:okhttp3.Response _get_clientWithOutToken_$lambda-0(okhttp3.Interceptor$Chain):29:31 -> a
    1:26:retrofit2.Retrofit getClientWithOutToken():17:42 -> getClientWithOutToken
com.crobox.sdk.data.model.AddCartQueryParams -> com.crobox.sdk.data.model.AddCartQueryParams:
# {"id":"sourceFile","fileName":"RequestQueryParams.kt"}
    java.lang.String productId -> a
    java.lang.String category -> b
    java.lang.Double price -> c
    java.lang.Integer quantity -> d
    1:1:void <init>():0:0 -> <init>
    2:6:void <init>(java.lang.String,java.lang.String,java.lang.Double,java.lang.Integer):266:270 -> <init>
    7:7:void <init>(java.lang.String,java.lang.String,java.lang.Double,java.lang.Integer,int,kotlin.jvm.internal.DefaultConstructorMarker):266:266 -> <init>
    1:1:java.lang.String getCategory():268:268 -> getCategory
    1:1:java.lang.Double getPrice():269:269 -> getPrice
    1:1:java.lang.String getProductId():267:267 -> getProductId
    1:1:java.lang.Integer getQuantity():270:270 -> getQuantity
com.crobox.sdk.data.model.ClickQueryParams -> com.crobox.sdk.data.model.ClickQueryParams:
# {"id":"sourceFile","fileName":"RequestQueryParams.kt"}
    java.lang.String productId -> a
    java.lang.String category -> b
    java.lang.Double price -> c
    java.lang.Integer quantity -> d
    1:1:void <init>():0:0 -> <init>
    2:6:void <init>(java.lang.String,java.lang.String,java.lang.Double,java.lang.Integer):259:263 -> <init>
    7:7:void <init>(java.lang.String,java.lang.String,java.lang.Double,java.lang.Integer,int,kotlin.jvm.internal.DefaultConstructorMarker):259:259 -> <init>
    1:1:java.lang.String getCategory():261:261 -> getCategory
    1:1:java.lang.Double getPrice():262:262 -> getPrice
    1:1:java.lang.String getProductId():260:260 -> getProductId
    1:1:java.lang.Integer getQuantity():263:263 -> getQuantity
com.crobox.sdk.data.model.CustomQueryParams -> com.crobox.sdk.data.model.CustomQueryParams:
# {"id":"sourceFile","fileName":"RequestQueryParams.kt"}
    java.lang.String name -> a
    java.util.UUID promotionId -> b
    java.lang.String productId -> c
    java.lang.String category -> d
    java.lang.Double price -> e
    java.lang.Integer quantity -> f
    1:1:void <init>():0:0 -> <init>
    2:8:void <init>(java.lang.String,java.util.UUID,java.lang.String,java.lang.String,java.lang.Double,java.lang.Integer):323:329 -> <init>
    9:9:void <init>(java.lang.String,java.util.UUID,java.lang.String,java.lang.String,java.lang.Double,java.lang.Integer,int,kotlin.jvm.internal.DefaultConstructorMarker):323:323 -> <init>
    1:1:java.lang.String getCategory():327:327 -> getCategory
    1:1:java.lang.String getName():324:324 -> getName
    1:1:java.lang.Double getPrice():328:328 -> getPrice
    1:1:java.lang.String getProductId():326:326 -> getProductId
    1:1:java.util.UUID getPromotionId():325:325 -> getPromotionId
    1:1:java.lang.Integer getQuantity():329:329 -> getQuantity
com.crobox.sdk.data.model.ErrorQueryParams -> com.crobox.sdk.data.model.ErrorQueryParams:
# {"id":"sourceFile","fileName":"RequestQueryParams.kt"}
    java.lang.String tag -> a
    java.lang.String name -> b
    java.lang.String message -> c
    java.lang.String file -> d
    java.lang.Integer line -> e
    java.lang.Double devicePixelRatio -> f
    java.lang.String deviceLanguage -> g
    java.lang.String viewPortSize -> h
    java.lang.String screenResolutionSize -> i
    1:1:void <init>():0:0 -> <init>
    2:11:void <init>(java.lang.String,java.lang.String,java.lang.String,java.lang.String,java.lang.Integer,java.lang.Double,java.lang.String,java.lang.String,java.lang.String):216:225 -> <init>
    12:12:void <init>(java.lang.String,java.lang.String,java.lang.String,java.lang.String,java.lang.Integer,java.lang.Double,java.lang.String,java.lang.String,java.lang.String,int,kotlin.jvm.internal.DefaultConstructorMarker):216:216 -> <init>
    1:1:java.lang.String getDeviceLanguage():223:223 -> getDeviceLanguage
    1:1:java.lang.Double getDevicePixelRatio():222:222 -> getDevicePixelRatio
    1:1:java.lang.String getFile():220:220 -> getFile
    1:1:java.lang.Integer getLine():221:221 -> getLine
    1:1:java.lang.String getMessage():219:219 -> getMessage
    1:1:java.lang.String getName():218:218 -> getName
    1:1:java.lang.String getScreenResolutionSize():225:225 -> getScreenResolutionSize
    1:1:java.lang.String getTag():217:217 -> getTag
    1:1:java.lang.String getViewPortSize():224:224 -> getViewPortSize
com.crobox.sdk.data.model.EventType -> com.crobox.sdk.data.model.EventType:
# {"id":"sourceFile","fileName":"RequestQueryParams.kt"}
    java.lang.String type -> a
    com.crobox.sdk.data.model.EventType[] $VALUES -> b
    1:6:void <clinit>():142:147 -> <clinit>
    7:7:com.crobox.sdk.data.model.EventType[] $values():0:0 -> <clinit>
    7:7:void <clinit>():147 -> <clinit>
    8:8:void <clinit>():147:147 -> <clinit>
    1:1:void <init>(java.lang.String,int,java.lang.String):141:141 -> <init>
    1:1:java.lang.String getType():141:141 -> getType
com.crobox.sdk.data.model.ItemModel -> com.crobox.sdk.data.model.ItemModel:
# {"id":"sourceFile","fileName":"ItemModel.kt"}
    1:1:void <init>():3:3 -> <init>
com.crobox.sdk.data.model.PageType -> com.crobox.sdk.data.model.PageType:
# {"id":"sourceFile","fileName":"RequestQueryParams.kt"}
    int value -> a
    com.crobox.sdk.data.model.PageType[] $VALUES -> b
    1:8:void <clinit>():122:129 -> <clinit>
    9:9:com.crobox.sdk.data.model.PageType[] $values():0:0 -> <clinit>
    9:9:void <clinit>():129 -> <clinit>
    10:10:void <clinit>():129:129 -> <clinit>
    1:1:void <init>(java.lang.String,int,int):121:121 -> <init>
    1:1:int getValue():121:121 -> getValue
com.crobox.sdk.data.model.RemoveFromCartQueryParams -> com.crobox.sdk.data.model.RemoveFromCartQueryParams:
# {"id":"sourceFile","fileName":"RequestQueryParams.kt"}
    java.lang.String productId -> a
    java.lang.String category -> b
    java.lang.Double price -> c
    java.lang.Integer quantity -> d
    1:1:void <init>():0:0 -> <init>
    2:6:void <init>(java.lang.String,java.lang.String,java.lang.Double,java.lang.Integer):273:277 -> <init>
    7:7:void <init>(java.lang.String,java.lang.String,java.lang.Double,java.lang.Integer,int,kotlin.jvm.internal.DefaultConstructorMarker):273:273 -> <init>
    1:1:java.lang.String getCategory():275:275 -> getCategory
    1:1:java.lang.Double getPrice():276:276 -> getPrice
    1:1:java.lang.String getProductId():274:274 -> getProductId
    1:1:java.lang.Integer getQuantity():277:277 -> getQuantity
com.crobox.sdk.data.model.RequestQueryParams -> com.crobox.sdk.data.model.RequestQueryParams:
# {"id":"sourceFile","fileName":"RequestQueryParams.kt"}
    int viewCounter -> a
    java.lang.String viewId -> b
    java.lang.String visitorId -> c
    java.lang.String currencyCode -> d
    com.crobox.sdk.common.LocaleCode localeCode -> e
    java.lang.String userId -> f
    java.lang.String timestamp -> g
    java.lang.Integer timezone -> h
    com.crobox.sdk.data.model.PageType pageType -> i
    java.util.Map customProperties -> j
    java.lang.String pageUrl -> k
    java.lang.String referrerUrl -> l
    1:13:void <init>(int,java.lang.String,java.lang.String,java.lang.String,com.crobox.sdk.common.LocaleCode,java.lang.String,java.lang.String,java.lang.Integer,com.crobox.sdk.data.model.PageType,java.util.Map,java.lang.String,java.lang.String):88:100 -> <init>
    14:14:void <init>(int,java.lang.String,java.lang.String,java.lang.String,com.crobox.sdk.common.LocaleCode,java.lang.String,java.lang.String,java.lang.Integer,com.crobox.sdk.data.model.PageType,java.util.Map,java.lang.String,java.lang.String,int,kotlin.jvm.internal.DefaultConstructorMarker):88:88 -> <init>
    1:1:java.lang.String getCurrencyCode():92:92 -> getCurrencyCode
    1:1:java.util.Map getCustomProperties():98:98 -> getCustomProperties
    1:1:com.crobox.sdk.common.LocaleCode getLocaleCode():93:93 -> getLocaleCode
    1:1:com.crobox.sdk.data.model.PageType getPageType():97:97 -> getPageType
    1:1:java.lang.String getPageUrl():99:99 -> getPageUrl
    1:1:java.lang.String getReferrerUrl():100:100 -> getReferrerUrl
    1:1:java.lang.String getTimestamp():95:95 -> getTimestamp
    1:1:java.lang.Integer getTimezone():96:96 -> getTimezone
    1:1:java.lang.String getUserId():94:94 -> getUserId
    1:1:int getViewCounter():89:89 -> getViewCounter
    1:1:java.lang.String getViewId():90:90 -> getViewId
    1:1:java.lang.String getVisitorId():91:91 -> getVisitorId
    1:1:void setPageType(com.crobox.sdk.data.model.PageType):97:97 -> setPageType
com.crobox.sdk.domain.BaseResponse -> com.crobox.sdk.domain.BaseResponse:
# {"id":"sourceFile","fileName":"BaseResponse.kt"}
    java.util.Map data -> a
    1:4:void <init>(java.util.Map):3:6 -> <init>
    1:1:java.util.Map getData():4:4 -> getData
    1:1:java.lang.String getValue(java.lang.String):9:9 -> getValue
    2:2:java.lang.String getValue(java.lang.String,java.lang.String):12:12 -> getValue
com.crobox.sdk.domain.Constant -> com.crobox.sdk.domain.Constant:
# {"id":"sourceFile","fileName":"Constant.kt"}
    1:1:void <init>():3:3 -> <init>
com.crobox.sdk.domain.Experiment -> com.crobox.sdk.domain.Experiment:
# {"id":"sourceFile","fileName":"Experiment.kt"}
    1:1:void <init>():5:5 -> <init>
com.crobox.sdk.domain.Promotion -> com.crobox.sdk.domain.Promotion:
# {"id":"sourceFile","fileName":"Promotion.kt"}
    1:1:void <init>():5:5 -> <init>
com.crobox.sdk.domain.PromotionConfig -> com.crobox.sdk.domain.PromotionConfig:
# {"id":"sourceFile","fileName":"PromotionConfig.kt"}
    java.util.Map data -> a
    1:4:void <init>(java.util.Map):3:6 -> <init>
    1:1:java.util.Map getData():4:4 -> getData
    1:1:java.lang.String getValue(java.lang.String):9:9 -> getValue
    2:2:java.lang.String getValue(java.lang.String,java.lang.String):12:12 -> getValue
com.crobox.sdk.domain.PromotionContent -> com.crobox.sdk.domain.PromotionContent:
# {"id":"sourceFile","fileName":"PromotionContent.kt"}
    1:1:void <init>():5:5 -> <init>
com.crobox.sdk.domain.PromotionContext -> com.crobox.sdk.domain.PromotionContext:
# {"id":"sourceFile","fileName":"PromotionContext.kt"}
    1:1:void <init>():5:5 -> <init>
com.crobox.sdk.domain.PromotionParameter -> com.crobox.sdk.domain.PromotionParameter:
# {"id":"sourceFile","fileName":"PromotionParameter.kt"}
    java.util.Map data -> a
    1:4:void <init>(java.util.Map):3:6 -> <init>
    1:1:java.util.Map getData():4:4 -> getData
    1:1:java.lang.String getValue(java.lang.String):9:9 -> getValue
    2:2:java.lang.String getValue(java.lang.String,java.lang.String):12:12 -> getValue
com.crobox.sdk.domain.PromotionsResponse -> com.crobox.sdk.domain.PromotionsResponse:
# {"id":"sourceFile","fileName":"PromotionsResponse.kt"}
    com.crobox.sdk.domain.PromotionContext context -> a
    java.util.List promotions -> b
    1:1:void <init>():0:0 -> <init>
    2:4:void <init>(com.crobox.sdk.domain.PromotionContext,java.util.List):5:7 -> <init>
    5:5:void <init>(com.crobox.sdk.domain.PromotionContext,java.util.List,int,kotlin.jvm.internal.DefaultConstructorMarker) -> <init>
    1:1:com.crobox.sdk.domain.PromotionContext getContext():6:6 -> getContext
    1:1:java.util.List getPromotions():7:7 -> getPromotions
com.crobox.sdk.presenter.CroboxAPIPresenter -> com.crobox.sdk.presenter.CroboxAPIPresenter:
# {"id":"sourceFile","fileName":"CroboxAPIPresenter.kt"}
    java.lang.String containerId -> a
    com.crobox.sdk.data.api.CroboxAPI apiInterface -> b
    1:6:void <init>(java.lang.String):14:19 -> <init>
    1:9:java.util.Map createRequestBodyForPromotions(java.lang.String,com.crobox.sdk.data.model.RequestQueryParams):163:171 -> promotions
    1:9:void promotions(com.crobox.sdk.presenter.PromotionView,java.lang.String,com.crobox.sdk.data.model.RequestQueryParams):23 -> promotions
    10:115:java.util.Map createRequestBodyForPromotions(java.lang.String,com.crobox.sdk.data.model.RequestQueryParams):166:271 -> promotions
    10:115:void promotions(com.crobox.sdk.presenter.PromotionView,java.lang.String,com.crobox.sdk.data.model.RequestQueryParams):23 -> promotions
    116:121:java.util.Map createRequestBodyForPromotions(java.lang.String,com.crobox.sdk.data.model.RequestQueryParams):179:184 -> promotions
    116:121:void promotions(com.crobox.sdk.presenter.PromotionView,java.lang.String,com.crobox.sdk.data.model.RequestQueryParams):23 -> promotions
    122:125:void promotions(com.crobox.sdk.presenter.PromotionView,java.lang.String,com.crobox.sdk.data.model.RequestQueryParams):265:268 -> promotions
    126:126:void promotions(com.crobox.sdk.presenter.PromotionView,java.lang.String,com.crobox.sdk.data.model.RequestQueryParams):266:266 -> promotions
    127:130:void promotions(com.crobox.sdk.presenter.PromotionView,java.lang.String,com.crobox.sdk.data.model.RequestQueryParams):24:27 -> promotions
com.crobox.sdk.presenter.CroboxAPIPresenter$WhenMappings -> com.crobox.sdk.presenter.CroboxAPIPresenter$WhenMappings:
# {"id":"sourceFile","fileName":"CroboxAPIPresenter.kt"}
com.crobox.sdk.presenter.CroboxAPIPresenter$promotions$1 -> com.crobox.sdk.presenter.CroboxAPIPresenter$promotions$1:
# {"id":"sourceFile","fileName":"CroboxAPIPresenter.kt"}
    com.crobox.sdk.presenter.PromotionView $promotionView -> a
    1:1:void <init>(com.crobox.sdk.presenter.PromotionView):27:27 -> <init>
    1:2:void onFailure(retrofit2.Call,java.lang.Throwable):46:47 -> onFailure
    1:9:void onResponse(retrofit2.Call,retrofit2.Response):33:41 -> onResponse
com.crobox.sdk.presenter.PromotionView -> com.crobox.sdk.presenter.PromotionView:
# {"id":"sourceFile","fileName":"PromotionView.kt"}
com.crobox.sdk.presenter.PromotionView$DefaultImpls -> com.crobox.sdk.presenter.PromotionView$DefaultImpls:
# {"id":"sourceFile","fileName":"PromotionView.kt"}
com.crobox.sdk.presenter.SocketView -> com.crobox.sdk.presenter.SocketView:
# {"id":"sourceFile","fileName":"SocketView.kt"}
com.crobox.sdk.presenter.SocketView$DefaultImpls -> com.crobox.sdk.presenter.SocketView$DefaultImpls:
# {"id":"sourceFile","fileName":"SocketView.kt"}
